ARM Linker, 4.1 [Build 713] [Evaluation]

==============================================================================

Section Cross References

    startup.o(STACK) refers (Special) to heapauxi.o(.text) for __use_two_region_memory
    startup.o(HEAP) refers (Special) to heapauxi.o(.text) for __use_two_region_memory
    startup.o(RESET) refers (Special) to heapauxi.o(.text) for __use_two_region_memory
    startup.o(RESET) refers to startup.o(STACK) for Stack_Top
    startup.o(RESET) refers to __main.o(!!!main) for __main
    startup.o(.text) refers (Special) to heapauxi.o(.text) for __use_two_region_memory
    startup.o(.text) refers to startup.o(HEAP) for Heap_Mem
    startup.o(.text) refers to startup.o(STACK) for Stack_Mem
    advance.o(.text) refers to _printf_percent.o(.ARM.Collect$$_printf_percent$$00000000) for _printf_percent
    advance.o(.text) refers to _printf_s.o(.ARM.Collect$$_printf_percent$$00000014) for _printf_s
    advance.o(.text) refers to _printf_str.o(.text) for _printf_str
    advance.o(.text) refers to _printf_d.o(.ARM.Collect$$_printf_percent$$00000009) for _printf_d
    advance.o(.text) refers to _printf_dec.o(.text) for _printf_int_dec
    advance.o(.text) refers to noretval__2sprintf.o(.text) for __2sprintf
    advance.o(.text) refers to strlen.o(.text) for strlen
    advance.o(.text) refers to rt_memclr.o(.text) for __aeabi_memclr
    advance.o(.text) refers to rt_memclr_w.o(.text) for __aeabi_memclr4
    advance.o(.text) refers to advance.o(.bss) for buff
    advance.o(.text) refers to advance.o(.data) for buffer_pointer
    advance.o(.text) refers to atoi.o(.text) for atoi
    advance.o(.text) refers to rt_memmove.o(.text) for __aeabi_memmove
    advance.o(.text) refers to strncmp.o(.text) for strncmp
    advance.o(.text) refers to strstr.o(.text) for strstr
    __2sprintf.o(.text) refers to _printf_char_common.o(.text) for _printf_char_common
    __2sprintf.o(.text) refers to _sputc.o(.text) for _sputc
    noretval__2sprintf.o(.text) refers to _printf_char_common.o(.text) for _printf_char_common
    noretval__2sprintf.o(.text) refers to _sputc.o(.text) for _sputc
    __printf.o(.text) refers to __printf.o(i.__ARM_common_call_via_r1) for __ARM_common_call_via_r1
    __printf.o(.text) refers to _printf_percent.o(.ARM.Collect$$_printf_percent$$00000000) for _printf_percent
    __printf.o(.text) refers to __printf.o(i.__ARM_common_call_via_r2) for __ARM_common_call_via_r2
    _printf_str.o(.text) refers (Special) to _printf_char.o(.text) for _printf_cs_common
    _printf_str.o(.text) refers to __printf.o(i.__ARM_common_call_via_r2) for __ARM_common_call_via_r2
    _printf_dec.o(.text) refers to rtudiv10.o(.text) for __rt_udiv10
    _printf_dec.o(.text) refers to _printf_intcommon.o(.text) for _printf_int_common
    __printf_flags.o(.text) refers to __printf.o(i.__ARM_common_call_via_r1) for __ARM_common_call_via_r1
    __printf_flags.o(.text) refers to _printf_percent.o(.ARM.Collect$$_printf_percent$$00000000) for _printf_percent
    __printf_flags.o(.text) refers to __printf.o(i.__ARM_common_call_via_r2) for __ARM_common_call_via_r2
    __printf_flags.o(.text) refers to __printf_flags.o(.constdata) for .constdata
    __printf_ss.o(.text) refers to __printf.o(i.__ARM_common_call_via_r1) for __ARM_common_call_via_r1
    __printf_ss.o(.text) refers to _printf_percent.o(.ARM.Collect$$_printf_percent$$00000000) for _printf_percent
    __printf_ss.o(.text) refers to __printf.o(i.__ARM_common_call_via_r2) for __ARM_common_call_via_r2
    __printf_flags_ss.o(.text) refers to __printf.o(i.__ARM_common_call_via_r1) for __ARM_common_call_via_r1
    __printf_flags_ss.o(.text) refers to _printf_percent.o(.ARM.Collect$$_printf_percent$$00000000) for _printf_percent
    __printf_flags_ss.o(.text) refers to __printf.o(i.__ARM_common_call_via_r2) for __ARM_common_call_via_r2
    __printf_flags_ss.o(.text) refers to __printf_flags_ss.o(.constdata) for .constdata
    __printf_wp.o(.text) refers to __printf.o(i.__ARM_common_call_via_r1) for __ARM_common_call_via_r1
    __printf_wp.o(.text) refers to __printf_wp.o(i._is_digit) for _is_digit
    __printf_wp.o(.text) refers to _printf_percent.o(.ARM.Collect$$_printf_percent$$00000000) for _printf_percent
    __printf_wp.o(.text) refers to __printf.o(i.__ARM_common_call_via_r2) for __ARM_common_call_via_r2
    __printf_flags_wp.o(.text) refers to __printf.o(i.__ARM_common_call_via_r1) for __ARM_common_call_via_r1
    __printf_flags_wp.o(.text) refers to __printf_wp.o(i._is_digit) for _is_digit
    __printf_flags_wp.o(.text) refers to _printf_percent.o(.ARM.Collect$$_printf_percent$$00000000) for _printf_percent
    __printf_flags_wp.o(.text) refers to __printf.o(i.__ARM_common_call_via_r2) for __ARM_common_call_via_r2
    __printf_flags_wp.o(.text) refers to __printf_flags_wp.o(.constdata) for .constdata
    __printf_ss_wp.o(.text) refers to __printf.o(i.__ARM_common_call_via_r1) for __ARM_common_call_via_r1
    __printf_ss_wp.o(.text) refers to __printf_wp.o(i._is_digit) for _is_digit
    __printf_ss_wp.o(.text) refers to _printf_percent.o(.ARM.Collect$$_printf_percent$$00000000) for _printf_percent
    __printf_ss_wp.o(.text) refers to __printf.o(i.__ARM_common_call_via_r2) for __ARM_common_call_via_r2
    __printf_flags_ss_wp.o(.text) refers to __printf.o(i.__ARM_common_call_via_r1) for __ARM_common_call_via_r1
    __printf_flags_ss_wp.o(.text) refers to __printf_wp.o(i._is_digit) for _is_digit
    __printf_flags_ss_wp.o(.text) refers to _printf_percent.o(.ARM.Collect$$_printf_percent$$00000000) for _printf_percent
    __printf_flags_ss_wp.o(.text) refers to __printf.o(i.__ARM_common_call_via_r2) for __ARM_common_call_via_r2
    __printf_flags_ss_wp.o(.text) refers to __printf_flags_ss_wp.o(.constdata) for .constdata
    _printf_s.o(.ARM.Collect$$_printf_percent$$00000014) refers (Weak) to _printf_char.o(.text) for _printf_string
    _printf_d.o(.ARM.Collect$$_printf_percent$$00000009) refers (Weak) to _printf_dec.o(.text) for _printf_int_dec
    _printf_percent.o(.ARM.Collect$$_printf_percent$$00000000) refers (Special) to _printf_percent_end.o(.ARM.Collect$$_printf_percent$$00000017) for _printf_percent_end
    atoi.o(.text) refers to rt_errno_addr_intlibspace.o(.text) for __aeabi_errno_addr
    atoi.o(.text) refers to strtol.o(.text) for strtol
    rt_memmove.o(.text) refers to rt_memcpy.o(.text) for __aeabi_memcpy
    rt_memmove.o(.text) refers to rt_memmove_w.o(.text) for __memmove_aligned
    rt_memclr.o(.text) refers to rt_memclr_w.o(.text) for _memset_w
    __main.o(!!!main) refers to rtentry.o(.ARM.Collect$$rtentry$$00000000) for __rt_entry
    rtentry.o(.ARM.Collect$$rtentry$$00000000) refers (Special) to rtentry2.o(.ARM.Collect$$rtentry$$0000000A) for __rt_entry_li
    rtentry.o(.ARM.Collect$$rtentry$$00000000) refers (Special) to rtentry2.o(.ARM.Collect$$rtentry$$0000000D) for __rt_entry_main
    rtentry.o(.ARM.Collect$$rtentry$$00000000) refers (Special) to rtentry2.o(.ARM.Collect$$rtentry$$0000000C) for __rt_entry_postli_1
    rtentry.o(.ARM.Collect$$rtentry$$00000000) refers (Special) to rtentry2.o(.ARM.Collect$$rtentry$$00000009) for __rt_entry_postsh_1
    rtentry.o(.ARM.Collect$$rtentry$$00000000) refers (Special) to rtentry2.o(.ARM.Collect$$rtentry$$00000002) for __rt_entry_presh_1
    rtentry.o(.ARM.Collect$$rtentry$$00000000) refers (Special) to rtentry4.o(.ARM.Collect$$rtentry$$00000004) for __rt_entry_sh
    rtentry.o(.ARM.exidx) refers (Special) to rtentry2.o(.ARM.Collect$$rtentry$$0000000A) for __rt_entry_li
    rtentry.o(.ARM.exidx) refers (Special) to rtentry2.o(.ARM.Collect$$rtentry$$0000000D) for __rt_entry_main
    rtentry.o(.ARM.exidx) refers (Special) to rtentry2.o(.ARM.Collect$$rtentry$$0000000C) for __rt_entry_postli_1
    rtentry.o(.ARM.exidx) refers (Special) to rtentry2.o(.ARM.Collect$$rtentry$$00000009) for __rt_entry_postsh_1
    rtentry.o(.ARM.exidx) refers (Special) to rtentry2.o(.ARM.Collect$$rtentry$$00000002) for __rt_entry_presh_1
    rtentry.o(.ARM.exidx) refers (Special) to rtentry4.o(.ARM.Collect$$rtentry$$00000004) for __rt_entry_sh
    rtentry.o(.ARM.exidx) refers to rtentry.o(.ARM.Collect$$rtentry$$00000000) for .ARM.Collect$$rtentry$$00000000
    rt_errno_addr.o(.text) refers to rt_errno_addr.o(.bss) for __aeabi_errno_addr_data
    rt_errno_addr_intlibspace.o(.text) refers to libspace.o(.bss) for __libspace_start
    _printf_intcommon.o(.text) refers to __printf.o(i.__ARM_common_call_via_r2) for __ARM_common_call_via_r2
    _printf_char_common.o(.text) refers to __printf.o(.text) for __printf
    _printf_char.o(.text) refers (Weak) to _printf_str.o(.text) for _printf_str
    strtol.o(.text) refers to rt_ctype_table.o(.text) for __rt_ctype_table
    strtol.o(.text) refers to _strtoul.o(.text) for _strtoul
    strtol.o(.text) refers to rt_errno_addr_intlibspace.o(.text) for __aeabi_errno_addr
    rt_memcpy.o(.text) refers to rt_memcpy_w.o(.text) for __aeabi_memcpy4
    rt_memmove_w.o(.text) refers to rt_memcpy_w.o(.text) for __aeabi_memcpy4
    libspace.o(.text) refers to libspace.o(.bss) for __libspace_start
    rtentry2.o(.ARM.Collect$$rtentry$$00000008) refers to boardinit2.o(.text) for _platform_post_stackheap_init
    rtentry2.o(.ARM.Collect$$rtentry$$0000000A) refers to libinit.o(.ARM.Collect$$libinit$$00000000) for __rt_lib_init
    rtentry2.o(.ARM.Collect$$rtentry$$0000000B) refers to boardinit3.o(.text) for _platform_post_lib_init
    rtentry2.o(.ARM.Collect$$rtentry$$0000000D) refers to exit.o(.text) for exit
    rtentry2.o(.ARM.Collect$$rtentry$$0000000D) refers to advance.o(.text) for main
    rtentry2.o(.ARM.exidx) refers to rtentry2.o(.ARM.Collect$$rtentry$$00000001) for .ARM.Collect$$rtentry$$00000001
    rtentry2.o(.ARM.exidx) refers to rtentry2.o(.ARM.Collect$$rtentry$$00000002) for .ARM.Collect$$rtentry$$00000002
    rtentry2.o(.ARM.exidx) refers to rtentry2.o(.ARM.Collect$$rtentry$$00000008) for .ARM.Collect$$rtentry$$00000008
    rtentry2.o(.ARM.exidx) refers to rtentry2.o(.ARM.Collect$$rtentry$$00000009) for .ARM.Collect$$rtentry$$00000009
    rtentry2.o(.ARM.exidx) refers to rtentry2.o(.ARM.Collect$$rtentry$$0000000A) for .ARM.Collect$$rtentry$$0000000A
    rtentry2.o(.ARM.exidx) refers to rtentry2.o(.ARM.Collect$$rtentry$$0000000B) for .ARM.Collect$$rtentry$$0000000B
    rtentry2.o(.ARM.exidx) refers to rtentry2.o(.ARM.Collect$$rtentry$$0000000C) for .ARM.Collect$$rtentry$$0000000C
    rtentry2.o(.ARM.exidx) refers to rtentry2.o(.ARM.Collect$$rtentry$$0000000D) for .ARM.Collect$$rtentry$$0000000D
    rtentry4.o(.ARM.Collect$$rtentry$$00000004) refers to sys_stackheap_outer.o(.text) for __user_setup_stackheap
    rtentry4.o(.ARM.exidx) refers to rtentry4.o(.ARM.Collect$$rtentry$$00000004) for .ARM.Collect$$rtentry$$00000004
    rt_ctype_table.o(.text) refers to rt_locale_intlibspace.o(.text) for __rt_locale
    rt_ctype_table.o(.text) refers to lc_ctype_c.o(locale$$code) for _get_lc_ctype
    __printf_nopercent.o(.text) refers to __printf_nopercent.o(i.__ARM_common_call_via_r7) for __ARM_common_call_via_r7
    __printf_nopercent.o(.text) refers to __printf_nopercent.o(i.__ARM_common_call_via_r5) for __ARM_common_call_via_r5
    _strtoul.o(.text) refers to _chval.o(.text) for _chval
    _strtoul.o(.text) refers to rt_errno_addr_intlibspace.o(.text) for __aeabi_errno_addr
    sys_stackheap_outer.o(.text) refers to libspace.o(.text) for __user_perproc_libspace
    sys_stackheap_outer.o(.text) refers to startup.o(.text) for __user_initial_stackheap
    rt_locale.o(.text) refers to rt_locale.o(.bss) for __rt_locale_data
    rt_locale_intlibspace.o(.text) refers to libspace.o(.bss) for __libspace_start
    lc_ctype_c.o(locale$$data) refers (Special) to libinit2.o(.ARM.Collect$$libinit$$0000000E) for __rt_lib_init_lc_ctype_2
    lc_ctype_c.o(locale$$code) refers (Special) to libinit2.o(.ARM.Collect$$libinit$$0000000E) for __rt_lib_init_lc_ctype_2
    lc_ctype_c.o(locale$$code) refers to strcmp.o(.text) for strcmp
    lc_ctype_c.o(locale$$code) refers to lc_ctype_c.o(locale$$data) for __lcctype_c_name
    exit.o(.text) refers to rtexit.o(.ARM.Collect$$rtexit$$00000000) for __rt_exit
    libinit.o(.ARM.Collect$$libinit$$00000000) refers (Special) to libinit2.o(.ARM.Collect$$libinit$$0000002A) for __rt_lib_init_alloca_1
    libinit.o(.ARM.Collect$$libinit$$00000000) refers (Special) to libinit2.o(.ARM.Collect$$libinit$$00000028) for __rt_lib_init_argv_1
    libinit.o(.ARM.Collect$$libinit$$00000000) refers (Special) to libinit2.o(.ARM.Collect$$libinit$$00000017) for __rt_lib_init_atexit_1
    libinit.o(.ARM.Collect$$libinit$$00000000) refers (Special) to libinit2.o(.ARM.Collect$$libinit$$0000001D) for __rt_lib_init_clock_1
    libinit.o(.ARM.Collect$$libinit$$00000000) refers (Special) to libinit2.o(.ARM.Collect$$libinit$$0000002E) for __rt_lib_init_cpp_1
    libinit.o(.ARM.Collect$$libinit$$00000000) refers (Special) to libinit2.o(.ARM.Collect$$libinit$$0000002C) for __rt_lib_init_exceptions_1
    libinit.o(.ARM.Collect$$libinit$$00000000) refers (Special) to libinit2.o(.ARM.Collect$$libinit$$0000001B) for __rt_lib_init_fp_trap_1
    libinit.o(.ARM.Collect$$libinit$$00000000) refers (Special) to libinit2.o(.ARM.Collect$$libinit$$0000001F) for __rt_lib_init_getenv_1
    libinit.o(.ARM.Collect$$libinit$$00000000) refers (Special) to libinit2.o(.ARM.Collect$$libinit$$00000006) for __rt_lib_init_heap_1
    libinit.o(.ARM.Collect$$libinit$$00000000) refers (Special) to libinit2.o(.ARM.Collect$$libinit$$0000000D) for __rt_lib_init_lc_collate_1
    libinit.o(.ARM.Collect$$libinit$$00000000) refers (Special) to libinit2.o(.ARM.Collect$$libinit$$0000000F) for __rt_lib_init_lc_ctype_1
    libinit.o(.ARM.Collect$$libinit$$00000000) refers (Special) to libinit2.o(.ARM.Collect$$libinit$$00000011) for __rt_lib_init_lc_monetary_1
    libinit.o(.ARM.Collect$$libinit$$00000000) refers (Special) to libinit2.o(.ARM.Collect$$libinit$$00000013) for __rt_lib_init_lc_numeric_1
    libinit.o(.ARM.Collect$$libinit$$00000000) refers (Special) to libinit2.o(.ARM.Collect$$libinit$$00000015) for __rt_lib_init_lc_time_1
    libinit.o(.ARM.Collect$$libinit$$00000000) refers (Special) to libinit2.o(.ARM.Collect$$libinit$$0000000A) for __rt_lib_init_rand_1
    libinit.o(.ARM.Collect$$libinit$$00000000) refers (Special) to libinit2.o(.ARM.Collect$$libinit$$0000002F) for __rt_lib_init_return
    libinit.o(.ARM.Collect$$libinit$$00000000) refers (Special) to libinit2.o(.ARM.Collect$$libinit$$00000019) for __rt_lib_init_signal_1
    libinit.o(.ARM.Collect$$libinit$$00000000) refers (Special) to libinit2.o(.ARM.Collect$$libinit$$00000021) for __rt_lib_init_stdio_1
    libinit.o(.ARM.Collect$$libinit$$00000000) refers (Special) to libinit2.o(.ARM.Collect$$libinit$$00000008) for __rt_lib_init_user_alloc_1
    libinit.o(.ARM.Collect$$libinit$$00000000) refers to fpinit.o(x$fpl$fpinit) for _fp_init
    rtexit.o(.ARM.Collect$$rtexit$$00000000) refers (Special) to rtexit2.o(.ARM.Collect$$rtexit$$00000004) for __rt_exit_exit
    rtexit.o(.ARM.Collect$$rtexit$$00000000) refers (Special) to rtexit2.o(.ARM.Collect$$rtexit$$00000003) for __rt_exit_ls
    rtexit.o(.ARM.Collect$$rtexit$$00000000) refers (Special) to rtexit2.o(.ARM.Collect$$rtexit$$00000002) for __rt_exit_prels_1
    rtexit.o(.ARM.exidx) refers (Special) to rtexit2.o(.ARM.Collect$$rtexit$$00000004) for __rt_exit_exit
    rtexit.o(.ARM.exidx) refers (Special) to rtexit2.o(.ARM.Collect$$rtexit$$00000003) for __rt_exit_ls
    rtexit.o(.ARM.exidx) refers (Special) to rtexit2.o(.ARM.Collect$$rtexit$$00000002) for __rt_exit_prels_1
    rtexit.o(.ARM.exidx) refers to rtexit.o(.ARM.Collect$$rtexit$$00000000) for .ARM.Collect$$rtexit$$00000000
    libinit2.o(.ARM.Collect$$libinit$$0000000B) refers (Weak) to rt_locale_intlibspace.o(.text) for __rt_locale
    libinit2.o(.ARM.Collect$$libinit$$0000000C) refers to libinit2.o(.ARM.Collect$$libinit$$0000000B) for .ARM.Collect$$libinit$$0000000B
    libinit2.o(.ARM.Collect$$libinit$$0000000E) refers to libinit2.o(.ARM.Collect$$libinit$$0000000B) for .ARM.Collect$$libinit$$0000000B
    libinit2.o(.ARM.Collect$$libinit$$0000000E) refers (Weak) to lc_ctype_c.o(locale$$code) for _get_lc_ctype
    libinit2.o(.ARM.Collect$$libinit$$00000010) refers to libinit2.o(.ARM.Collect$$libinit$$0000000B) for .ARM.Collect$$libinit$$0000000B
    libinit2.o(.ARM.Collect$$libinit$$00000012) refers to libinit2.o(.ARM.Collect$$libinit$$0000000B) for .ARM.Collect$$libinit$$0000000B
    libinit2.o(.ARM.Collect$$libinit$$00000014) refers to libinit2.o(.ARM.Collect$$libinit$$0000000B) for .ARM.Collect$$libinit$$0000000B
    libinit2.o(.ARM.Collect$$libinit$$00000022) refers to argv_veneer.o(.emb_text) for __ARM_argv_veneer
    libinit2.o(.ARM.Collect$$libinit$$00000023) refers to argv_veneer.o(.emb_text) for __ARM_argv_veneer
    fpinit.o(x$fpl$fpinit) refers to rt_fp_status_addr_intlibspace.o(.text) for __rt_fp_status_addr
    rtexit2.o(.ARM.Collect$$rtexit$$00000003) refers to libshutdown.o(.ARM.Collect$$libshutdown$$00000000) for __rt_lib_shutdown
    rtexit2.o(.ARM.Collect$$rtexit$$00000004) refers to sys_exit.o(.text) for _sys_exit
    rtexit2.o(.ARM.exidx) refers to rtexit2.o(.ARM.Collect$$rtexit$$00000001) for .ARM.Collect$$rtexit$$00000001
    rtexit2.o(.ARM.exidx) refers to rtexit2.o(.ARM.Collect$$rtexit$$00000002) for .ARM.Collect$$rtexit$$00000002
    rtexit2.o(.ARM.exidx) refers to rtexit2.o(.ARM.Collect$$rtexit$$00000003) for .ARM.Collect$$rtexit$$00000003
    rtexit2.o(.ARM.exidx) refers to rtexit2.o(.ARM.Collect$$rtexit$$00000004) for .ARM.Collect$$rtexit$$00000004
    rt_fp_status_addr.o(.text) refers to rt_fp_status_addr.o(.bss) for __rt_fp_status_addr_data
    rt_fp_status_addr_intlibspace.o(.text) refers to libspace.o(.bss) for __libspace_start
    argv_veneer.o(.emb_text) refers to no_argv.o(.text) for __ARM_get_argv
    sys_exit.o(.text) refers (Special) to use_no_semi.o(.text) for __I$use$semihosting
    sys_exit.o(.text) refers (Special) to indicate_semi.o(.text) for __semihosting_library_function
    _get_argv_nomalloc.o(.text) refers (Special) to hrguard.o(.text) for __heap_region$guard
    _get_argv_nomalloc.o(.text) refers to defsig_rtmem_outer.o(.text) for __rt_SIGRTMEM
    _get_argv_nomalloc.o(.text) refers to sys_command.o(.text) for _sys_command_string
    libshutdown.o(.ARM.Collect$$libshutdown$$00000000) refers (Special) to libshutdown2.o(.ARM.Collect$$libshutdown$$00000006) for __rt_lib_shutdown_fp_trap_1
    libshutdown.o(.ARM.Collect$$libshutdown$$00000000) refers (Special) to libshutdown2.o(.ARM.Collect$$libshutdown$$0000000E) for __rt_lib_shutdown_heap_1
    libshutdown.o(.ARM.Collect$$libshutdown$$00000000) refers (Special) to libshutdown2.o(.ARM.Collect$$libshutdown$$0000000F) for __rt_lib_shutdown_return
    libshutdown.o(.ARM.Collect$$libshutdown$$00000000) refers (Special) to libshutdown2.o(.ARM.Collect$$libshutdown$$00000009) for __rt_lib_shutdown_signal_1
    libshutdown.o(.ARM.Collect$$libshutdown$$00000000) refers (Special) to libshutdown2.o(.ARM.Collect$$libshutdown$$00000003) for __rt_lib_shutdown_stdio_1
    libshutdown.o(.ARM.Collect$$libshutdown$$00000000) refers (Special) to libshutdown2.o(.ARM.Collect$$libshutdown$$0000000B) for __rt_lib_shutdown_user_alloc_1
    sys_command.o(.text) refers (Special) to use_no_semi.o(.text) for __I$use$semihosting
    sys_command.o(.text) refers (Special) to indicate_semi.o(.text) for __semihosting_library_function
    defsig_rtmem_outer.o(.text) refers to defsig_rtmem_inner.o(.text) for __rt_SIGRTMEM_inner
    defsig_rtmem_outer.o(.text) refers to defsig_exit.o(.text) for __sig_exit
    defsig_rtmem_formal.o(.text) refers to rt_raise.o(.text) for __rt_raise
    rt_raise.o(.text) refers to __raise.o(.text) for __raise
    rt_raise.o(.text) refers to sys_exit.o(.text) for _sys_exit
    defsig_exit.o(.text) refers to sys_exit.o(.text) for _sys_exit
    defsig_rtmem_inner.o(.text) refers to defsig_general.o(.text) for __default_signal_display
    __raise.o(.text) refers to __printf.o(i.__ARM_common_call_via_r2) for __ARM_common_call_via_r2
    __raise.o(.text) refers to defsig.o(CL$$defsig) for __default_signal_handler
    defsig_general.o(.text) refers to sys_wrch.o(.text) for _ttywrch
    sys_wrch.o(.text) refers (Special) to use_no_semi.o(.text) for __I$use$semihosting
    sys_wrch.o(.text) refers (Special) to indicate_semi.o(.text) for __semihosting_library_function
    defsig.o(CL$$defsig) refers to defsig_rtmem_inner.o(.text) for __rt_SIGRTMEM_inner
    defsig_abrt_inner.o(.text) refers to defsig_general.o(.text) for __default_signal_display
    defsig_fpe_inner.o(.text) refers to defsig_general.o(.text) for __default_signal_display
    defsig_rtred_inner.o(.text) refers to defsig_general.o(.text) for __default_signal_display
    defsig_stak_inner.o(.text) refers to defsig_general.o(.text) for __default_signal_display
    defsig_pvfn_inner.o(.text) refers to defsig_general.o(.text) for __default_signal_display
    defsig_cppl_inner.o(.text) refers to defsig_general.o(.text) for __default_signal_display
    defsig_segv_inner.o(.text) refers to defsig_general.o(.text) for __default_signal_display
    defsig_other.o(.text) refers to defsig_general.o(.text) for __default_signal_display


==============================================================================

Removing Unused input sections from the image.

    Removing startup.o(RESET), (272 bytes).

1 unused section(s) (total 272 bytes) removed from the image.

==============================================================================

Adding Veneers to the image

    Adding TA veneer (4 bytes, Inline) for call to '_printf_percent' from __printf.o(.text).
    Adding AT veneer (8 bytes, Inline) for call to '__rt_lib_init' from rtentry2.o(.ARM.Collect$$rtentry$$0000000A).
    Adding AT veneer (8 bytes, Inline) for call to '__rt_lib_shutdown' from rtexit2.o(.ARM.Collect$$rtexit$$00000003).
    Adding TA veneer (4 bytes, Inline) for call to '__rt_exit' from exit.o(.text).
    Adding AT veneer (8 bytes, Inline) for call to '__2sprintf' from advance.o(.text).
    Adding AT veneer (8 bytes, Inline) for call to '_printf_int_dec' from _printf_d.o(.ARM.Collect$$_printf_percent$$00000009).
    Adding AT veneer (8 bytes, Inline) for call to 'atoi' from advance.o(.text).
    Adding AT veneer (8 bytes, Inline) for call to 'strstr' from advance.o(.text).
    Adding AT veneer (8 bytes, Inline) for call to 'strlen' from advance.o(.text).
    Adding AT veneer (8 bytes, Inline) for call to 'strncmp' from advance.o(.text).
    Adding TA veneer (4 bytes, Inline) for call to '__aeabi_errno_addr' from atoi.o(.text).
    Adding AT veneer (8 bytes, Inline) for call to '_printf_string' from _printf_s.o(.ARM.Collect$$_printf_percent$$00000014).
    Adding TA veneer (4 bytes, Inline) for call to '__rt_udiv10' from _printf_dec.o(.text).
    Adding TA veneer (4 bytes, Inline) for call to '__rt_ctype_table' from strtol.o(.text).
    Adding TA veneer (4 bytes, Inline) for call to '__rt_locale' from libinit2.o(.ARM.Collect$$libinit$$0000000B).
    Adding AT veneer (8 bytes, Inline) for call to '_sys_exit' from rtexit2.o(.ARM.Collect$$rtexit$$00000004).
    Adding TA veneer (4 bytes, Inline) for call to '_get_lc_ctype' from libinit2.o(.ARM.Collect$$libinit$$0000000E).
    Adding TA veneer (4 bytes, Inline) for call to '_fp_init' from libinit.o(.ARM.Collect$$libinit$$00000000).

18 Veneer(s) (total 112 bytes) added to the image.

==============================================================================

Image Symbol Table

    Local Symbols

    Symbol Name                              Value     Ov Type        Size  Object(Section)

    !!!main                                  0x00000000   Section        8  __main.o(!!!main)
    ../../angel/boardlib.s                   0x00000000   Number         0  boardinit1.o ABSOLUTE
    ../../angel/boardlib.s                   0x00000000   Number         0  boardshut.o ABSOLUTE
    ../../angel/boardlib.s                   0x00000000   Number         0  boardinit3.o ABSOLUTE
    ../../angel/boardlib.s                   0x00000000   Number         0  boardinit2.o ABSOLUTE
    ../../angel/handlers.s                   0x00000000   Number         0  __scatter_copy.o ABSOLUTE
    ../../angel/handlers.s                   0x00000000   Number         0  __scatter_zi.o ABSOLUTE
    ../../angel/kernel.s                     0x00000000   Number         0  rtentry.o ABSOLUTE
    ../../angel/kernel.s                     0x00000000   Number         0  rtentry2.o ABSOLUTE
    ../../angel/kernel.s                     0x00000000   Number         0  rtexit2.o ABSOLUTE
    ../../angel/kernel.s                     0x00000000   Number         0  rtexit.o ABSOLUTE
    ../../angel/kernel.s                     0x00000000   Number         0  rtentry4.o ABSOLUTE
    ../../angel/rt.s                         0x00000000   Number         0  rt_ctype_table.o ABSOLUTE
    ../../angel/rt.s                         0x00000000   Number         0  rt_errno_addr.o ABSOLUTE
    ../../angel/rt.s                         0x00000000   Number         0  rt_errno_addr_intlibspace.o ABSOLUTE
    ../../angel/rt.s                         0x00000000   Number         0  rt_raise.o ABSOLUTE
    ../../angel/rt.s                         0x00000000   Number         0  rt_fp_status_addr.o ABSOLUTE
    ../../angel/rt.s                         0x00000000   Number         0  rt_fp_status_addr_intlibspace.o ABSOLUTE
    ../../angel/rt.s                         0x00000000   Number         0  rt_locale.o ABSOLUTE
    ../../angel/rt.s                         0x00000000   Number         0  rt_locale_intlibspace.o ABSOLUTE
    ../../angel/scatter.s                    0x00000000   Number         0  __scatter.o ABSOLUTE
    ../../angel/startup.s                    0x00000000   Number         0  __main.o ABSOLUTE
    ../../angel/sys.s                        0x00000000   Number         0  libspace.o ABSOLUTE
    ../../angel/sys.s                        0x00000000   Number         0  indicate_semi.o ABSOLUTE
    ../../angel/sys.s                        0x00000000   Number         0  use_no_semi.o ABSOLUTE
    ../../angel/sys.s                        0x00000000   Number         0  sys_stackheap_outer.o ABSOLUTE
    ../../angel/sysapp.c                     0x00000000   Number         0  sys_wrch.o ABSOLUTE
    ../../angel/sysapp.c                     0x00000000   Number         0  sys_command.o ABSOLUTE
    ../../angel/sysapp.c                     0x00000000   Number         0  sys_exit.o ABSOLUTE
    ../../armsys.c                           0x00000000   Number         0  argv_veneer.o ABSOLUTE
    ../../armsys.c                           0x00000000   Number         0  no_argv.o ABSOLUTE
    ../../armsys.c                           0x00000000   Number         0  _get_argv_nomalloc.o ABSOLUTE
    ../../armsys.c                           0x00000000   Number         0  argv_veneer.o ABSOLUTE
    ../../division.s                         0x00000000   Number         0  rtudiv10.o ABSOLUTE
    ../../fpinit.s                           0x00000000   Number         0  fpinit.o ABSOLUTE
    ../../heapalloc.c                        0x00000000   Number         0  hrguard.o ABSOLUTE
    ../../heapaux.c                          0x00000000   Number         0  heapauxi.o ABSOLUTE
    ../../libinit.s                          0x00000000   Number         0  libshutdown.o ABSOLUTE
    ../../libinit.s                          0x00000000   Number         0  libinit2.o ABSOLUTE
    ../../libinit.s                          0x00000000   Number         0  libinit.o ABSOLUTE
    ../../libinit.s                          0x00000000   Number         0  libshutdown2.o ABSOLUTE
    ../../locale.s                           0x00000000   Number         0  lc_ctype_c.o ABSOLUTE
    ../../memcpset.s                         0x00000000   Number         0  rt_memclr_w.o ABSOLUTE
    ../../memcpset.s                         0x00000000   Number         0  strcmp.o ABSOLUTE
    ../../memcpset.s                         0x00000000   Number         0  rt_memcpy.o ABSOLUTE
    ../../memcpset.s                         0x00000000   Number         0  rt_memmove_w.o ABSOLUTE
    ../../memcpset.s                         0x00000000   Number         0  rt_memmove.o ABSOLUTE
    ../../memcpset.s                         0x00000000   Number         0  rt_memclr.o ABSOLUTE
    ../../memcpset.s                         0x00000000   Number         0  rt_memcpy_w.o ABSOLUTE
    ../../printf.c                           0x00000000   Number         0  __printf_ss.o ABSOLUTE
    ../../printf.c                           0x00000000   Number         0  _printf_str.o ABSOLUTE
    ../../printf.c                           0x00000000   Number         0  _printf_intcommon.o ABSOLUTE
    ../../printf.c                           0x00000000   Number         0  _printf_dec.o ABSOLUTE
    ../../printf.c                           0x00000000   Number         0  _printf_char_common.o ABSOLUTE
    ../../printf.c                           0x00000000   Number         0  __printf_flags.o ABSOLUTE
    ../../printf.c                           0x00000000   Number         0  __printf_flags_ss.o ABSOLUTE
    ../../printf.c                           0x00000000   Number         0  __printf_wp.o ABSOLUTE
    ../../printf.c                           0x00000000   Number         0  __printf_flags_wp.o ABSOLUTE
    ../../printf.c                           0x00000000   Number         0  __printf_ss_wp.o ABSOLUTE
    ../../printf.c                           0x00000000   Number         0  __printf_flags_ss_wp.o ABSOLUTE
    ../../printf.c                           0x00000000   Number         0  __2sprintf.o ABSOLUTE
    ../../printf.c                           0x00000000   Number         0  noretval__2sprintf.o ABSOLUTE
    ../../printf.c                           0x00000000   Number         0  _sputc.o ABSOLUTE
    ../../printf.c                           0x00000000   Number         0  __printf.o ABSOLUTE
    ../../printf.c                           0x00000000   Number         0  _printf_char.o ABSOLUTE
    ../../printf.c                           0x00000000   Number         0  __printf_nopercent.o ABSOLUTE
    ../../printf_percent.s                   0x00000000   Number         0  _printf_s.o ABSOLUTE
    ../../printf_percent.s                   0x00000000   Number         0  _printf_percent_end.o ABSOLUTE
    ../../printf_percent.s                   0x00000000   Number         0  _printf_percent.o ABSOLUTE
    ../../printf_percent.s                   0x00000000   Number         0  _printf_d.o ABSOLUTE
    ../../scanf.c                            0x00000000   Number         0  _chval.o ABSOLUTE
    ../../scanf.c                            0x00000000   Number         0  _strtoul.o ABSOLUTE
    ../../scanf.c                            0x00000000   Number         0  atoi.o ABSOLUTE
    ../../scanf.c                            0x00000000   Number         0  strtol.o ABSOLUTE
    ../../signal.c                           0x00000000   Number         0  __raise.o ABSOLUTE
    ../../signal.c                           0x00000000   Number         0  defsig_rtmem_inner.o ABSOLUTE
    ../../signal.c                           0x00000000   Number         0  defsig_exit.o ABSOLUTE
    ../../signal.c                           0x00000000   Number         0  defsig_pvfn_inner.o ABSOLUTE
    ../../signal.c                           0x00000000   Number         0  defsig_cppl_inner.o ABSOLUTE
    ../../signal.c                           0x00000000   Number         0  defsig_other.o ABSOLUTE
    ../../signal.c                           0x00000000   Number         0  defsig_rtmem_formal.o ABSOLUTE
    ../../signal.c                           0x00000000   Number         0  defsig_rtmem_outer.o ABSOLUTE
    ../../signal.c                           0x00000000   Number         0  defsig_general.o ABSOLUTE
    ../../signal.c                           0x00000000   Number         0  defsig_segv_inner.o ABSOLUTE
    ../../signal.c                           0x00000000   Number         0  defsig_stak_inner.o ABSOLUTE
    ../../signal.c                           0x00000000   Number         0  defsig_rtred_inner.o ABSOLUTE
    ../../signal.c                           0x00000000   Number         0  defsig_abrt_inner.o ABSOLUTE
    ../../signal.c                           0x00000000   Number         0  defsig_fpe_inner.o ABSOLUTE
    ../../signal.s                           0x00000000   Number         0  defsig.o ABSOLUTE
    ../../stdlib.c                           0x00000000   Number         0  exit.o ABSOLUTE
    ../../string.c                           0x00000000   Number         0  strstr.o ABSOLUTE
    ../../string.c                           0x00000000   Number         0  strlen.o ABSOLUTE
    ../../string.c                           0x00000000   Number         0  strncmp.o ABSOLUTE
    Startup.s                                0x00000000   Number         0  startup.o ABSOLUTE
    advance.c                                0x00000000   Number         0  advance.o ABSOLUTE
    dc.s                                     0x00000000   Number         0  dc.o ABSOLUTE
    !!!scatter                               0x00000008   Section       60  __scatter.o(!!!scatter)
    !!handler_copy                           0x00000044   Section       40  __scatter_copy.o(!!handler_copy)
    !!handler_zi                             0x0000006c   Section       44  __scatter_zi.o(!!handler_zi)
    .ARM.Collect$$_printf_percent$$00000000  0x0000009c   Section        0  _printf_percent.o(.ARM.Collect$$_printf_percent$$00000000)
    .ARM.Collect$$_printf_percent$$00000009  0x0000009c   Section        8  _printf_d.o(.ARM.Collect$$_printf_percent$$00000009)
    .ARM.Collect$$_printf_percent$$00000014  0x000000a4   Section        8  _printf_s.o(.ARM.Collect$$_printf_percent$$00000014)
    .ARM.Collect$$_printf_percent$$00000017  0x000000ac   Section        8  _printf_percent_end.o(.ARM.Collect$$_printf_percent$$00000017)
    .ARM.Collect$$libinit$$00000000          0x000000bc   Section        6  libinit.o(.ARM.Collect$$libinit$$00000000)
    .ARM.Collect$$libinit$$00000006          0x000000c2   Section        0  libinit2.o(.ARM.Collect$$libinit$$00000006)
    .ARM.Collect$$libinit$$00000008          0x000000c2   Section        0  libinit2.o(.ARM.Collect$$libinit$$00000008)
    .ARM.Collect$$libinit$$0000000A          0x000000c2   Section        0  libinit2.o(.ARM.Collect$$libinit$$0000000A)
    .ARM.Collect$$libinit$$0000000B          0x000000c2   Section        6  libinit2.o(.ARM.Collect$$libinit$$0000000B)
    .ARM.Collect$$libinit$$0000000D          0x000000c8   Section        0  libinit2.o(.ARM.Collect$$libinit$$0000000D)
    .ARM.Collect$$libinit$$0000000E          0x000000c8   Section       12  libinit2.o(.ARM.Collect$$libinit$$0000000E)
    .ARM.Collect$$libinit$$0000000F          0x000000d4   Section        0  libinit2.o(.ARM.Collect$$libinit$$0000000F)
    .ARM.Collect$$libinit$$00000011          0x000000d4   Section        0  libinit2.o(.ARM.Collect$$libinit$$00000011)
    .ARM.Collect$$libinit$$00000013          0x000000d4   Section        0  libinit2.o(.ARM.Collect$$libinit$$00000013)
    .ARM.Collect$$libinit$$00000015          0x000000d4   Section        0  libinit2.o(.ARM.Collect$$libinit$$00000015)
    .ARM.Collect$$libinit$$00000017          0x000000d4   Section        0  libinit2.o(.ARM.Collect$$libinit$$00000017)
    .ARM.Collect$$libinit$$00000019          0x000000d4   Section        0  libinit2.o(.ARM.Collect$$libinit$$00000019)
    .ARM.Collect$$libinit$$0000001B          0x000000d4   Section        0  libinit2.o(.ARM.Collect$$libinit$$0000001B)
    .ARM.Collect$$libinit$$0000001D          0x000000d4   Section        0  libinit2.o(.ARM.Collect$$libinit$$0000001D)
    .ARM.Collect$$libinit$$0000001F          0x000000d4   Section        0  libinit2.o(.ARM.Collect$$libinit$$0000001F)
    .ARM.Collect$$libinit$$00000021          0x000000d4   Section        0  libinit2.o(.ARM.Collect$$libinit$$00000021)
    .ARM.Collect$$libinit$$00000028          0x000000d4   Section        0  libinit2.o(.ARM.Collect$$libinit$$00000028)
    .ARM.Collect$$libinit$$0000002A          0x000000d4   Section        0  libinit2.o(.ARM.Collect$$libinit$$0000002A)
    .ARM.Collect$$libinit$$0000002C          0x000000d4   Section        0  libinit2.o(.ARM.Collect$$libinit$$0000002C)
    .ARM.Collect$$libinit$$0000002E          0x000000d4   Section        0  libinit2.o(.ARM.Collect$$libinit$$0000002E)
    .ARM.Collect$$libinit$$0000002F          0x000000d4   Section       12  libinit2.o(.ARM.Collect$$libinit$$0000002F)
    .ARM.Collect$$libshutdown$$00000000      0x000000e8   Section        4  libshutdown.o(.ARM.Collect$$libshutdown$$00000000)
    .ARM.Collect$$libshutdown$$00000003      0x000000ec   Section        0  libshutdown2.o(.ARM.Collect$$libshutdown$$00000003)
    .ARM.Collect$$libshutdown$$00000006      0x000000ec   Section        0  libshutdown2.o(.ARM.Collect$$libshutdown$$00000006)
    .ARM.Collect$$libshutdown$$00000009      0x000000ec   Section        0  libshutdown2.o(.ARM.Collect$$libshutdown$$00000009)
    .ARM.Collect$$libshutdown$$0000000B      0x000000ec   Section        0  libshutdown2.o(.ARM.Collect$$libshutdown$$0000000B)
    .ARM.Collect$$libshutdown$$0000000E      0x000000ec   Section        0  libshutdown2.o(.ARM.Collect$$libshutdown$$0000000E)
    .ARM.Collect$$libshutdown$$0000000F      0x000000ec   Section        6  libshutdown2.o(.ARM.Collect$$libshutdown$$0000000F)
    .ARM.Collect$$rtentry$$00000000          0x000000f4   Section        0  rtentry.o(.ARM.Collect$$rtentry$$00000000)
    .ARM.Collect$$rtentry$$00000002          0x000000f4   Section        0  rtentry2.o(.ARM.Collect$$rtentry$$00000002)
    .ARM.Collect$$rtentry$$00000004          0x000000f4   Section        8  rtentry4.o(.ARM.Collect$$rtentry$$00000004)
    .ARM.Collect$$rtentry$$00000009          0x000000fc   Section        0  rtentry2.o(.ARM.Collect$$rtentry$$00000009)
    .ARM.Collect$$rtentry$$0000000A          0x000000fc   Section        4  rtentry2.o(.ARM.Collect$$rtentry$$0000000A)
    .ARM.Collect$$rtentry$$0000000C          0x00000100   Section        0  rtentry2.o(.ARM.Collect$$rtentry$$0000000C)
    .ARM.Collect$$rtentry$$0000000D          0x00000100   Section       40  rtentry2.o(.ARM.Collect$$rtentry$$0000000D)
    .ARM.Collect$$rtexit$$00000000           0x0000012c   Section        4  rtexit.o(.ARM.Collect$$rtexit$$00000000)
    .ARM.Collect$$rtexit$$00000002           0x00000130   Section        0  rtexit2.o(.ARM.Collect$$rtexit$$00000002)
    .ARM.Collect$$rtexit$$00000003           0x00000130   Section        4  rtexit2.o(.ARM.Collect$$rtexit$$00000003)
    .ARM.Collect$$rtexit$$00000004           0x00000134   Section        8  rtexit2.o(.ARM.Collect$$rtexit$$00000004)
    .text                                    0x0000013c   Section       32  startup.o(.text)
    .text                                    0x0000015c   Section        0  advance.o(.text)
    .text                                    0x00001298   Section        0  noretval__2sprintf.o(.text)
    .text                                    0x000012c0   Section        0  __printf.o(.text)
    .text                                    0x00001338   Section        0  _printf_str.o(.text)
    .text                                    0x00001398   Section        0  _printf_dec.o(.text)
    .text                                    0x00001410   Section        0  atoi.o(.text)
    .text                                    0x00001438   Section        0  strstr.o(.text)
    .text                                    0x0000146c   Section        0  strlen.o(.text)
    .text                                    0x000014b8   Section        0  strncmp.o(.text)
    .text                                    0x00001550   Section      212  rt_memmove.o(.text)
    .text                                    0x00001624   Section       64  rt_memclr.o(.text)
    .text                                    0x00001664   Section       84  rt_memclr_w.o(.text)
    .text                                    0x000016b8   Section        0  heapauxi.o(.text)
    .text                                    0x000016c4   Section       12  rt_errno_addr_intlibspace.o(.text)
    .text                                    0x000016d0   Section        0  _printf_intcommon.o(.text)
    .text                                    0x00001788   Section        0  _printf_char_common.o(.text)
    _printf_input_char                       0x00001789   Thumb Code    10  _printf_char_common.o(.text)
    .text                                    0x000017b8   Section        0  _sputc.o(.text)
    .text                                    0x000017cc   Section        0  _printf_char.o(.text)
    .text                                    0x00001800   Section        0  strtol.o(.text)
    .text                                    0x00001874   Section      212  rt_memcpy.o(.text)
    .text                                    0x00001948   Section      128  rt_memmove_w.o(.text)
    .text                                    0x000019cc   Section       44  rtudiv10.o(.text)
    .text                                    0x000019f8   Section       12  libspace.o(.text)
    .text                                    0x00001a08   Section       24  rt_ctype_table.o(.text)
    .text                                    0x00001a20   Section        0  _strtoul.o(.text)
    .text                                    0x00001acc   Section      100  rt_memcpy_w.o(.text)
    .text                                    0x00001b30   Section       96  sys_stackheap_outer.o(.text)
    .text                                    0x00001b94   Section       12  rt_locale_intlibspace.o(.text)
    .text                                    0x00001ba0   Section        0  _chval.o(.text)
    .text                                    0x00001bc2   Section        0  exit.o(.text)
    .text                                    0x00001bd0   Section      160  strcmp.o(.text)
    .text                                    0x00001c70   Section       12  rt_fp_status_addr_intlibspace.o(.text)
    .text                                    0x00001c84   Section        0  sys_exit.o(.text)
    .text                                    0x00001c90   Section        4  use_no_semi.o(.text)
    .text                                    0x00001c94   Section        0  indicate_semi.o(.text)
    i.__ARM_common_call_via_r1               0x00001c94   Section        0  __printf.o(i.__ARM_common_call_via_r1)
    i.__ARM_common_call_via_r2               0x00001c96   Section        0  __printf.o(i.__ARM_common_call_via_r2)
    locale$$code                             0x00001c9c   Section       80  lc_ctype_c.o(locale$$code)
    x$fpl$fpinit                             0x00001cf0   Section       24  fpinit.o(x$fpl$fpinit)
    locale$$data                             0x00001d28   Section      272  lc_ctype_c.o(locale$$data)
    __lcctype_c_name                         0x00001d2c   Data           2  lc_ctype_c.o(locale$$data)
    __lcctype_c_start                        0x00001d34   Data           0  lc_ctype_c.o(locale$$data)
    __lcctype_c_end                          0x00001e38   Data           0  lc_ctype_c.o(locale$$data)
    .data                                    0x40000000   Section       17  advance.o(.data)
    .bss                                     0x40000014   Section      234  advance.o(.bss)
    .bss                                     0x40000100   Section       96  libspace.o(.bss)
    HEAP                                     0x40000160   Section        0  startup.o(HEAP)
    STACK                                    0x40000160   Section     1160  startup.o(STACK)
    Heap_Mem                                 0x40000160   Data           0  startup.o(HEAP)
    Stack_Mem                                0x40000160   Data        1024  startup.o(STACK)
    Stack_Top                                0x400005e8   Data           0  startup.o(STACK)

    Global Symbols

    Symbol Name                              Value     Ov Type        Size  Object(Section)

    BuildAttributes$$THM_ISAv1$ARM_ISAv4$S$PE$A:L22$X:L11$S22$IEEE1$IW$USESV6$~STKCKD$USESV7$~SHL$OSPACE$ROPI$EBA8$UX$STANDARDLIB$REQ8$PRES8$EABIv2 0x00000000   Number         0  anon$$obj.o ABSOLUTE
    __ARM_use_no_argv                        0x00000000   Number         0  advance.o ABSOLUTE
    __main                                   0x00000000   ARM Code       8  __main.o(!!!main)
    __ARM_exceptions_init                     - Undefined Weak Reference
    __alloca_initialize                       - Undefined Weak Reference
    __cpp_initialize__aeabi_                  - Undefined Weak Reference
    __cxa_finalize                            - Undefined Weak Reference
    __sigvec_lookup                           - Undefined Weak Reference
    _atexit_init                              - Undefined Weak Reference
    _call_atexit_fns                          - Undefined Weak Reference
    _clock_init                               - Undefined Weak Reference
    _fp_trap_init                             - Undefined Weak Reference
    _fp_trap_shutdown                         - Undefined Weak Reference
    _get_lc_collate                           - Undefined Weak Reference
    _get_lc_monetary                          - Undefined Weak Reference
    _get_lc_numeric                           - Undefined Weak Reference
    _get_lc_time                              - Undefined Weak Reference
    _getenv_init                              - Undefined Weak Reference
    _handle_redirection                       - Undefined Weak Reference
    _init_alloc                               - Undefined Weak Reference
    _init_user_alloc                          - Undefined Weak Reference
    _initio                                   - Undefined Weak Reference
    _printf_mbtowc                            - Undefined Weak Reference
    _printf_post_padding                      - Undefined Weak Reference
    _printf_pre_padding                       - Undefined Weak Reference
    _printf_truncate_signed                   - Undefined Weak Reference
    _printf_truncate_unsigned                 - Undefined Weak Reference
    _rand_init                                - Undefined Weak Reference
    _signal_finish                            - Undefined Weak Reference
    _signal_init                              - Undefined Weak Reference
    _terminate_alloc                          - Undefined Weak Reference
    _terminate_user_alloc                     - Undefined Weak Reference
    _terminateio                              - Undefined Weak Reference
    __scatterload                            0x00000008   ARM Code       0  __scatter.o(!!!scatter)
    __scatterload_rt2                        0x00000008   ARM Code      52  __scatter.o(!!!scatter)
    __scatterload_null                       0x0000001c   ARM Code       0  __scatter.o(!!!scatter)
    __scatterload_copy                       0x00000044   ARM Code      40  __scatter_copy.o(!!handler_copy)
    __scatterload_zeroinit                   0x0000006c   ARM Code      44  __scatter_zi.o(!!handler_zi)
    Inline Thumb to ARM Veneer to _printf_percent 0x00000099   Thumb Code     4  _printf_percent.o(.ARM.Collect$$_printf_percent$$00000000)
    _printf_d                                0x0000009c   ARM Code       0  _printf_d.o(.ARM.Collect$$_printf_percent$$00000009)
    _printf_percent                          0x0000009c   ARM Code       0  _printf_percent.o(.ARM.Collect$$_printf_percent$$00000000)
    _printf_s                                0x000000a4   ARM Code       0  _printf_s.o(.ARM.Collect$$_printf_percent$$00000014)
    _printf_percent_end                      0x000000ac   ARM Code       0  _printf_percent_end.o(.ARM.Collect$$_printf_percent$$00000017)
    Inline ARM to Thumb Veneer to __rt_lib_init 0x000000b4   ARM Code       8  libinit.o(.ARM.Collect$$libinit$$00000000)
    __rt_lib_init                            0x000000bd   Thumb Code     0  libinit.o(.ARM.Collect$$libinit$$00000000)
    __rt_lib_init_heap_1                     0x000000c3   Thumb Code     0  libinit2.o(.ARM.Collect$$libinit$$00000006)
    __rt_lib_init_lc_common                  0x000000c3   Thumb Code     0  libinit2.o(.ARM.Collect$$libinit$$0000000B)
    __rt_lib_init_rand_1                     0x000000c3   Thumb Code     0  libinit2.o(.ARM.Collect$$libinit$$0000000A)
    __rt_lib_init_user_alloc_1               0x000000c3   Thumb Code     0  libinit2.o(.ARM.Collect$$libinit$$00000008)
    __rt_lib_init_lc_collate_1               0x000000c9   Thumb Code     0  libinit2.o(.ARM.Collect$$libinit$$0000000D)
    __rt_lib_init_lc_ctype_2                 0x000000c9   Thumb Code     0  libinit2.o(.ARM.Collect$$libinit$$0000000E)
    __rt_lib_init_alloca_1                   0x000000d5   Thumb Code     0  libinit2.o(.ARM.Collect$$libinit$$0000002A)
    __rt_lib_init_argv_1                     0x000000d5   Thumb Code     0  libinit2.o(.ARM.Collect$$libinit$$00000028)
    __rt_lib_init_atexit_1                   0x000000d5   Thumb Code     0  libinit2.o(.ARM.Collect$$libinit$$00000017)
    __rt_lib_init_clock_1                    0x000000d5   Thumb Code     0  libinit2.o(.ARM.Collect$$libinit$$0000001D)
    __rt_lib_init_cpp_1                      0x000000d5   Thumb Code     0  libinit2.o(.ARM.Collect$$libinit$$0000002E)
    __rt_lib_init_exceptions_1               0x000000d5   Thumb Code     0  libinit2.o(.ARM.Collect$$libinit$$0000002C)
    __rt_lib_init_fp_trap_1                  0x000000d5   Thumb Code     0  libinit2.o(.ARM.Collect$$libinit$$0000001B)
    __rt_lib_init_getenv_1                   0x000000d5   Thumb Code     0  libinit2.o(.ARM.Collect$$libinit$$0000001F)
    __rt_lib_init_lc_ctype_1                 0x000000d5   Thumb Code     0  libinit2.o(.ARM.Collect$$libinit$$0000000F)
    __rt_lib_init_lc_monetary_1              0x000000d5   Thumb Code     0  libinit2.o(.ARM.Collect$$libinit$$00000011)
    __rt_lib_init_lc_numeric_1               0x000000d5   Thumb Code     0  libinit2.o(.ARM.Collect$$libinit$$00000013)
    __rt_lib_init_lc_time_1                  0x000000d5   Thumb Code     0  libinit2.o(.ARM.Collect$$libinit$$00000015)
    __rt_lib_init_return                     0x000000d5   Thumb Code     0  libinit2.o(.ARM.Collect$$libinit$$0000002F)
    __rt_lib_init_signal_1                   0x000000d5   Thumb Code     0  libinit2.o(.ARM.Collect$$libinit$$00000019)
    __rt_lib_init_stdio_1                    0x000000d5   Thumb Code     0  libinit2.o(.ARM.Collect$$libinit$$00000021)
    Inline ARM to Thumb Veneer to __rt_lib_shutdown 0x000000e0   ARM Code       8  libshutdown.o(.ARM.Collect$$libshutdown$$00000000)
    __rt_lib_shutdown                        0x000000e9   Thumb Code     0  libshutdown.o(.ARM.Collect$$libshutdown$$00000000)
    __rt_lib_shutdown_fp_trap_1              0x000000ed   Thumb Code     0  libshutdown2.o(.ARM.Collect$$libshutdown$$00000006)
    __rt_lib_shutdown_heap_1                 0x000000ed   Thumb Code     0  libshutdown2.o(.ARM.Collect$$libshutdown$$0000000E)
    __rt_lib_shutdown_return                 0x000000ed   Thumb Code     0  libshutdown2.o(.ARM.Collect$$libshutdown$$0000000F)
    __rt_lib_shutdown_signal_1               0x000000ed   Thumb Code     0  libshutdown2.o(.ARM.Collect$$libshutdown$$00000009)
    __rt_lib_shutdown_stdio_1                0x000000ed   Thumb Code     0  libshutdown2.o(.ARM.Collect$$libshutdown$$00000003)
    __rt_lib_shutdown_user_alloc_1           0x000000ed   Thumb Code     0  libshutdown2.o(.ARM.Collect$$libshutdown$$0000000B)
    __rt_entry                               0x000000f4   ARM Code       0  rtentry.o(.ARM.Collect$$rtentry$$00000000)
    __rt_entry_presh_1                       0x000000f4   ARM Code       0  rtentry2.o(.ARM.Collect$$rtentry$$00000002)
    __rt_entry_sh                            0x000000f4   ARM Code       0  rtentry4.o(.ARM.Collect$$rtentry$$00000004)
    __rt_entry_li                            0x000000fc   ARM Code       0  rtentry2.o(.ARM.Collect$$rtentry$$0000000A)
    __rt_entry_postsh_1                      0x000000fc   ARM Code       0  rtentry2.o(.ARM.Collect$$rtentry$$00000009)
    __rt_entry_main                          0x00000100   ARM Code       0  rtentry2.o(.ARM.Collect$$rtentry$$0000000D)
    __rt_entry_postli_1                      0x00000100   ARM Code       0  rtentry2.o(.ARM.Collect$$rtentry$$0000000C)
    Inline Thumb to ARM Veneer to __rt_exit  0x00000129   Thumb Code     4  rtexit.o(.ARM.Collect$$rtexit$$00000000)
    __rt_exit                                0x0000012c   ARM Code       0  rtexit.o(.ARM.Collect$$rtexit$$00000000)
    __rt_exit_ls                             0x00000130   ARM Code       0  rtexit2.o(.ARM.Collect$$rtexit$$00000003)
    __rt_exit_prels_1                        0x00000130   ARM Code       0  rtexit2.o(.ARM.Collect$$rtexit$$00000002)
    __rt_exit_exit                           0x00000134   ARM Code       0  rtexit2.o(.ARM.Collect$$rtexit$$00000004)
    __user_initial_stackheap                 0x0000013c   ARM Code       0  startup.o(.text)
    delay_ms                                 0x0000015c   ARM Code      56  advance.o(.text)
    UART0_init                               0x00000194   ARM Code      68  advance.o(.text)
    UART0_TxChar                             0x000001d8   ARM Code      56  advance.o(.text)
    UART0_SendString                         0x00000210   ARM Code      76  advance.o(.text)
    UART0_Interrupt                          0x0000025c   ARM Code      76  advance.o(.text)
    delay                                    0x000002a8   ARM Code      28  advance.o(.text)
    lcd                                      0x000002c4   ARM Code      80  advance.o(.text)
    GSM_Send_Msg                             0x00000314   ARM Code     252  advance.o(.text)
    keypad                                   0x00000410   ARM Code     728  advance.o(.text)
    main                                     0x000006e8   ARM Code    1268  advance.o(.text)
    GSM_Response_Display                     0x00000bdc   ARM Code     216  advance.o(.text)
    GSM_Response                             0x00000cb4   ARM Code     208  advance.o(.text)
    GSM_Begin                                0x00000d84   ARM Code     108  advance.o(.text)
    GSM_Msg_Delete                           0x00000df0   ARM Code      60  advance.o(.text)
    GSM_Delete_All_Msg                       0x00000e2c   ARM Code      20  advance.o(.text)
    GSM_Wait_for_Msg                         0x00000e40   ARM Code     432  advance.o(.text)
    GSM_Calling                              0x00000ff0   ARM Code      48  advance.o(.text)
    GSM_HangCall                             0x00001020   ARM Code      20  advance.o(.text)
    GSM_Msg_Display                          0x00001034   ARM Code     544  advance.o(.text)
    GSM_Msg_Read                             0x00001254   ARM Code      44  advance.o(.text)
    Inline ARM to Thumb Veneer to __2sprintf 0x00001290   ARM Code       8  noretval__2sprintf.o(.text)
    __2sprintf                               0x00001299   Thumb Code    36  noretval__2sprintf.o(.text)
    __printf                                 0x000012c1   Thumb Code   120  __printf.o(.text)
    _printf_str                              0x00001339   Thumb Code    88  _printf_str.o(.text)
    Inline ARM to Thumb Veneer to _printf_int_dec 0x00001390   ARM Code       8  _printf_dec.o(.text)
    _printf_int_dec                          0x00001399   Thumb Code    94  _printf_dec.o(.text)
    Inline ARM to Thumb Veneer to atoi       0x00001408   ARM Code       8  atoi.o(.text)
    atoi                                     0x00001411   Thumb Code    30  atoi.o(.text)
    Inline ARM to Thumb Veneer to strstr     0x00001430   ARM Code       8  strstr.o(.text)
    strstr                                   0x00001439   Thumb Code    42  strstr.o(.text)
    Inline ARM to Thumb Veneer to strlen     0x00001464   ARM Code       8  strlen.o(.text)
    strlen                                   0x0000146d   Thumb Code    64  strlen.o(.text)
    Inline ARM to Thumb Veneer to strncmp    0x000014b0   ARM Code       8  strncmp.o(.text)
    strncmp                                  0x000014b9   Thumb Code   146  strncmp.o(.text)
    __aeabi_memmove                          0x00001550   ARM Code       0  rt_memmove.o(.text)
    __rt_memmove                             0x00001550   ARM Code     212  rt_memmove.o(.text)
    __memmove_lastfew                        0x00001604   ARM Code       0  rt_memmove.o(.text)
    __aeabi_memclr                           0x00001624   ARM Code       0  rt_memclr.o(.text)
    __rt_memclr                              0x00001624   ARM Code      64  rt_memclr.o(.text)
    _memset                                  0x00001628   ARM Code       0  rt_memclr.o(.text)
    __aeabi_memclr4                          0x00001664   ARM Code       0  rt_memclr_w.o(.text)
    __aeabi_memclr8                          0x00001664   ARM Code       0  rt_memclr_w.o(.text)
    __rt_memclr_w                            0x00001664   ARM Code      84  rt_memclr_w.o(.text)
    _memset_w                                0x00001668   ARM Code       0  rt_memclr_w.o(.text)
    __use_two_region_memory                  0x000016b9   Thumb Code     2  heapauxi.o(.text)
    __rt_heap_escrow$2region                 0x000016bb   Thumb Code     2  heapauxi.o(.text)
    __rt_heap_expand$2region                 0x000016bd   Thumb Code     2  heapauxi.o(.text)
    Inline Thumb to ARM Veneer to __aeabi_errno_addr 0x000016c1   Thumb Code     4  rt_errno_addr_intlibspace.o(.text)
    __aeabi_errno_addr                       0x000016c4   ARM Code      12  rt_errno_addr_intlibspace.o(.text)
    __errno$intlibspace                      0x000016c4   ARM Code       0  rt_errno_addr_intlibspace.o(.text)
    __rt_errno_addr$intlibspace              0x000016c4   ARM Code       0  rt_errno_addr_intlibspace.o(.text)
    _printf_int_common                       0x000016d1   Thumb Code   182  _printf_intcommon.o(.text)
    _printf_char_common                      0x00001793   Thumb Code    34  _printf_char_common.o(.text)
    _sputc                                   0x000017b9   Thumb Code    10  _sputc.o(.text)
    Inline ARM to Thumb Veneer to _printf_string 0x000017c4   ARM Code       8  _printf_char.o(.text)
    _printf_cs_common                        0x000017cd   Thumb Code    26  _printf_char.o(.text)
    _printf_char                             0x000017e7   Thumb Code    16  _printf_char.o(.text)
    _printf_string                           0x000017f7   Thumb Code     8  _printf_char.o(.text)
    strtol                                   0x00001801   Thumb Code   112  strtol.o(.text)
    __aeabi_memcpy                           0x00001874   ARM Code       0  rt_memcpy.o(.text)
    __rt_memcpy                              0x00001874   ARM Code     212  rt_memcpy.o(.text)
    _memcpy_lastbytes                        0x00001928   ARM Code       0  rt_memcpy.o(.text)
    __aeabi_memmove4                         0x00001948   ARM Code       0  rt_memmove_w.o(.text)
    __aeabi_memmove8                         0x00001948   ARM Code       0  rt_memmove_w.o(.text)
    __rt_memmove_w                           0x00001948   ARM Code     128  rt_memmove_w.o(.text)
    __memmove_aligned                        0x00001974   ARM Code       0  rt_memmove_w.o(.text)
    __memmove_lastfew_aligned                0x000019b0   ARM Code       0  rt_memmove_w.o(.text)
    Inline Thumb to ARM Veneer to __rt_udiv10 0x000019c9   Thumb Code     4  rtudiv10.o(.text)
    __rt_udiv10                              0x000019cc   ARM Code      44  rtudiv10.o(.text)
    __user_libspace                          0x000019f8   ARM Code      12  libspace.o(.text)
    __user_perproc_libspace                  0x000019f8   ARM Code       0  libspace.o(.text)
    __user_perthread_libspace                0x000019f8   ARM Code       0  libspace.o(.text)
    Inline Thumb to ARM Veneer to __rt_ctype_table 0x00001a05   Thumb Code     4  rt_ctype_table.o(.text)
    __rt_ctype_table                         0x00001a08   ARM Code      24  rt_ctype_table.o(.text)
    _strtoul                                 0x00001a21   Thumb Code   170  _strtoul.o(.text)
    __aeabi_memcpy4                          0x00001acc   ARM Code       0  rt_memcpy_w.o(.text)
    __aeabi_memcpy8                          0x00001acc   ARM Code       0  rt_memcpy_w.o(.text)
    __rt_memcpy_w                            0x00001acc   ARM Code     100  rt_memcpy_w.o(.text)
    _memcpy_lastbytes_aligned                0x00001b18   ARM Code       0  rt_memcpy_w.o(.text)
    __user_setup_stackheap                   0x00001b30   ARM Code      96  sys_stackheap_outer.o(.text)
    Inline Thumb to ARM Veneer to __rt_locale 0x00001b91   Thumb Code     4  rt_locale_intlibspace.o(.text)
    __rt_locale                              0x00001b94   ARM Code      12  rt_locale_intlibspace.o(.text)
    _chval                                   0x00001ba1   Thumb Code    34  _chval.o(.text)
    exit                                     0x00001bc3   Thumb Code    12  exit.o(.text)
    strcmp                                   0x00001bd0   ARM Code     156  strcmp.o(.text)
    __rt_fp_status_addr                      0x00001c70   ARM Code      12  rt_fp_status_addr_intlibspace.o(.text)
    Inline ARM to Thumb Veneer to _sys_exit  0x00001c7c   ARM Code       8  sys_exit.o(.text)
    _sys_exit                                0x00001c85   Thumb Code     8  sys_exit.o(.text)
    __I$use$semihosting                      0x00001c90   ARM Code       0  use_no_semi.o(.text)
    __use_no_semihosting_swi                 0x00001c90   ARM Code       4  use_no_semi.o(.text)
    __ARM_common_call_via_r1                 0x00001c95   Thumb Code     2  __printf.o(i.__ARM_common_call_via_r1)
    __semihosting_library_function           0x00001c94   ARM Code       0  indicate_semi.o(.text)
    __ARM_common_call_via_r2                 0x00001c97   Thumb Code     2  __printf.o(i.__ARM_common_call_via_r2)
    Inline Thumb to ARM Veneer to _get_lc_ctype 0x00001c99   Thumb Code     4  lc_ctype_c.o(locale$$code)
    _get_lc_ctype                            0x00001c9c   ARM Code      80  lc_ctype_c.o(locale$$code)
    Inline Thumb to ARM Veneer to _fp_init   0x00001ced   Thumb Code     4  fpinit.o(x$fpl$fpinit)
    _fp_init                                 0x00001cf0   ARM Code      24  fpinit.o(x$fpl$fpinit)
    __fplib_config_pureend_doubles           0x00001d00   ARM Code       0  fpinit.o(x$fpl$fpinit)
    Region$$Table$$Base                      0x00001d08   Number         0  anon$$obj.o(Region$$Table)
    Region$$Table$$Limit                     0x00001d28   Number         0  anon$$obj.o(Region$$Table)
    __ctype                                  0x00001d35   Data           0  lc_ctype_c.o(locale$$data)
    status_flag                              0x40000000   Data           1  advance.o(.data)
    position                                 0x40000004   Data           4  advance.o(.data)
    cnt                                      0x40000008   Data           4  advance.o(.data)
    buffer_pointer                           0x4000000c   Data           4  advance.o(.data)
    c                                        0x40000010   Data           1  advance.o(.data)
    buff                                     0x40000014   Data         160  advance.o(.bss)
    Mobile_no                                0x400000b4   Data          14  advance.o(.bss)
    message_received                         0x400000c2   Data          60  advance.o(.bss)
    __libspace_start                         0x40000100   Data          96  libspace.o(.bss)
    __temporary_stack_top$libspace           0x40000160   Data           0  libspace.o(.bss)



==============================================================================

Memory Map of the image

  Image Entry point : 0x00000000

  Load Region LR_1 (Base: 0x00000000, Size: 0x00001e4c, Max: 0xffffffff, ABSOLUTE)

    Execution Region ER_RO (Base: 0x00000000, Size: 0x00001e38, Max: 0xffffffff, ABSOLUTE)

    Base Addr    Size         Type   Attr      Idx    E Section Name        Object

    0x00000000   0x00000008   Code   RO          102  * !!!main             c_t.l(__main.o)
    0x00000008   0x0000003c   Code   RO          311    !!!scatter          c_t.l(__scatter.o)
    0x00000044   0x00000028   Code   RO          313    !!handler_copy      c_t.l(__scatter_copy.o)
    0x0000006c   0x0000002c   Code   RO          315    !!handler_zi        c_t.l(__scatter_zi.o)
    0x00000098   0x00000004   Ven    RO           85    .ARM.Collect$$_printf_percent$$00000000  c_t.l(_printf_percent.o)
    0x0000009c   0x00000000   Code   RO           85    .ARM.Collect$$_printf_percent$$00000000  c_t.l(_printf_percent.o)
    0x0000009c   0x00000008   Code   RO           84    .ARM.Collect$$_printf_percent$$00000009  c_t.l(_printf_d.o)
    0x000000a4   0x00000008   Code   RO           83    .ARM.Collect$$_printf_percent$$00000014  c_t.l(_printf_s.o)
    0x000000ac   0x00000008   Code   RO          119    .ARM.Collect$$_printf_percent$$00000017  c_t.l(_printf_percent_end.o)
    0x000000b4   0x00000008   Ven    RO          181    .ARM.Collect$$libinit$$00000000  c_t.l(libinit.o)
    0x000000bc   0x00000006   Code   RO          181    .ARM.Collect$$libinit$$00000000  c_t.l(libinit.o)
    0x000000c2   0x00000000   Code   RO          188    .ARM.Collect$$libinit$$00000006  c_t.l(libinit2.o)
    0x000000c2   0x00000000   Code   RO          190    .ARM.Collect$$libinit$$00000008  c_t.l(libinit2.o)
    0x000000c2   0x00000000   Code   RO          192    .ARM.Collect$$libinit$$0000000A  c_t.l(libinit2.o)
    0x000000c2   0x00000006   Code   RO          193    .ARM.Collect$$libinit$$0000000B  c_t.l(libinit2.o)
    0x000000c8   0x00000000   Code   RO          195    .ARM.Collect$$libinit$$0000000D  c_t.l(libinit2.o)
    0x000000c8   0x0000000c   Code   RO          196    .ARM.Collect$$libinit$$0000000E  c_t.l(libinit2.o)
    0x000000d4   0x00000000   Code   RO          197    .ARM.Collect$$libinit$$0000000F  c_t.l(libinit2.o)
    0x000000d4   0x00000000   Code   RO          199    .ARM.Collect$$libinit$$00000011  c_t.l(libinit2.o)
    0x000000d4   0x00000000   Code   RO          201    .ARM.Collect$$libinit$$00000013  c_t.l(libinit2.o)
    0x000000d4   0x00000000   Code   RO          203    .ARM.Collect$$libinit$$00000015  c_t.l(libinit2.o)
    0x000000d4   0x00000000   Code   RO          205    .ARM.Collect$$libinit$$00000017  c_t.l(libinit2.o)
    0x000000d4   0x00000000   Code   RO          207    .ARM.Collect$$libinit$$00000019  c_t.l(libinit2.o)
    0x000000d4   0x00000000   Code   RO          209    .ARM.Collect$$libinit$$0000001B  c_t.l(libinit2.o)
    0x000000d4   0x00000000   Code   RO          211    .ARM.Collect$$libinit$$0000001D  c_t.l(libinit2.o)
    0x000000d4   0x00000000   Code   RO          213    .ARM.Collect$$libinit$$0000001F  c_t.l(libinit2.o)
    0x000000d4   0x00000000   Code   RO          215    .ARM.Collect$$libinit$$00000021  c_t.l(libinit2.o)
    0x000000d4   0x00000000   Code   RO          219    .ARM.Collect$$libinit$$00000028  c_t.l(libinit2.o)
    0x000000d4   0x00000000   Code   RO          221    .ARM.Collect$$libinit$$0000002A  c_t.l(libinit2.o)
    0x000000d4   0x00000000   Code   RO          223    .ARM.Collect$$libinit$$0000002C  c_t.l(libinit2.o)
    0x000000d4   0x00000000   Code   RO          225    .ARM.Collect$$libinit$$0000002E  c_t.l(libinit2.o)
    0x000000d4   0x0000000c   Code   RO          226    .ARM.Collect$$libinit$$0000002F  c_t.l(libinit2.o)
    0x000000e0   0x00000008   Ven    RO          252    .ARM.Collect$$libshutdown$$00000000  c_t.l(libshutdown.o)
    0x000000e8   0x00000004   Code   RO          252    .ARM.Collect$$libshutdown$$00000000  c_t.l(libshutdown.o)
    0x000000ec   0x00000000   Code   RO          266    .ARM.Collect$$libshutdown$$00000003  c_t.l(libshutdown2.o)
    0x000000ec   0x00000000   Code   RO          269    .ARM.Collect$$libshutdown$$00000006  c_t.l(libshutdown2.o)
    0x000000ec   0x00000000   Code   RO          272    .ARM.Collect$$libshutdown$$00000009  c_t.l(libshutdown2.o)
    0x000000ec   0x00000000   Code   RO          274    .ARM.Collect$$libshutdown$$0000000B  c_t.l(libshutdown2.o)
    0x000000ec   0x00000000   Code   RO          277    .ARM.Collect$$libshutdown$$0000000E  c_t.l(libshutdown2.o)
    0x000000ec   0x00000006   Code   RO          278    .ARM.Collect$$libshutdown$$0000000F  c_t.l(libshutdown2.o)
    0x000000f2   0x00000002   PAD
    0x000000f4   0x00000000   Code   RO          104    .ARM.Collect$$rtentry$$00000000  c_t.l(rtentry.o)
    0x000000f4   0x00000000   Code   RO          132    .ARM.Collect$$rtentry$$00000002  c_t.l(rtentry2.o)
    0x000000f4   0x00000008   Code   RO          147    .ARM.Collect$$rtentry$$00000004  c_t.l(rtentry4.o)
    0x000000fc   0x00000000   Code   RO          134    .ARM.Collect$$rtentry$$00000009  c_t.l(rtentry2.o)
    0x000000fc   0x00000004   Code   RO          135    .ARM.Collect$$rtentry$$0000000A  c_t.l(rtentry2.o)
    0x00000100   0x00000000   Code   RO          137    .ARM.Collect$$rtentry$$0000000C  c_t.l(rtentry2.o)
    0x00000100   0x00000028   Code   RO          138    .ARM.Collect$$rtentry$$0000000D  c_t.l(rtentry2.o)
    0x00000128   0x00000004   Ven    RO          182    .ARM.Collect$$rtexit$$00000000  c_t.l(rtexit.o)
    0x0000012c   0x00000004   Code   RO          182    .ARM.Collect$$rtexit$$00000000  c_t.l(rtexit.o)
    0x00000130   0x00000000   Code   RO          230    .ARM.Collect$$rtexit$$00000002  c_t.l(rtexit2.o)
    0x00000130   0x00000004   Code   RO          231    .ARM.Collect$$rtexit$$00000003  c_t.l(rtexit2.o)
    0x00000134   0x00000008   Code   RO          232    .ARM.Collect$$rtexit$$00000004  c_t.l(rtexit2.o)
    0x0000013c   0x00000020   Code   RO            4    .text               startup.o
    0x0000015c   0x00001134   Code   RO           11    .text               advance.o
    0x00001290   0x00000008   Ven    RO           51    .text               c_t.l(noretval__2sprintf.o)
    0x00001298   0x00000028   Code   RO           51    .text               c_t.l(noretval__2sprintf.o)
    0x000012c0   0x00000078   Code   RO           53    .text               c_t.l(__printf.o)
    0x00001338   0x00000058   Code   RO           59    .text               c_t.l(_printf_str.o)
    0x00001390   0x00000008   Ven    RO           61    .text               c_t.l(_printf_dec.o)
    0x00001398   0x00000070   Code   RO           61    .text               c_t.l(_printf_dec.o)
    0x00001408   0x00000008   Ven    RO           86    .text               c_t.l(atoi.o)
    0x00001410   0x0000001e   Code   RO           86    .text               c_t.l(atoi.o)
    0x0000142e   0x00000002   PAD
    0x00001430   0x00000008   Ven    RO           88    .text               c_t.l(strstr.o)
    0x00001438   0x0000002a   Code   RO           88    .text               c_t.l(strstr.o)
    0x00001462   0x00000002   PAD
    0x00001464   0x00000008   Ven    RO           90    .text               c_t.l(strlen.o)
    0x0000146c   0x00000044   Code   RO           90    .text               c_t.l(strlen.o)
    0x000014b0   0x00000008   Ven    RO           92    .text               c_t.l(strncmp.o)
    0x000014b8   0x00000098   Code   RO           92    .text               c_t.l(strncmp.o)
    0x00001550   0x000000d4   Code   RO           94    .text               c_t.l(rt_memmove.o)
    0x00001624   0x00000040   Code   RO           96    .text               c_t.l(rt_memclr.o)
    0x00001664   0x00000054   Code   RO           98    .text               c_t.l(rt_memclr_w.o)
    0x000016b8   0x00000006   Code   RO          100    .text               c_t.l(heapauxi.o)
    0x000016be   0x00000002   PAD
    0x000016c0   0x00000004   Ven    RO          109    .text               c_t.l(rt_errno_addr_intlibspace.o)
    0x000016c4   0x0000000c   Code   RO          109    .text               c_t.l(rt_errno_addr_intlibspace.o)
    0x000016d0   0x000000b6   Code   RO          111    .text               c_t.l(_printf_intcommon.o)
    0x00001786   0x00000002   PAD
    0x00001788   0x00000030   Code   RO          113    .text               c_t.l(_printf_char_common.o)
    0x000017b8   0x0000000a   Code   RO          115    .text               c_t.l(_sputc.o)
    0x000017c2   0x00000002   PAD
    0x000017c4   0x00000008   Ven    RO          117    .text               c_t.l(_printf_char.o)
    0x000017cc   0x00000032   Code   RO          117    .text               c_t.l(_printf_char.o)
    0x000017fe   0x00000002   PAD
    0x00001800   0x00000074   Code   RO          120    .text               c_t.l(strtol.o)
    0x00001874   0x000000d4   Code   RO          122    .text               c_t.l(rt_memcpy.o)
    0x00001948   0x00000080   Code   RO          124    .text               c_t.l(rt_memmove_w.o)
    0x000019c8   0x00000004   Ven    RO          126    .text               c_t.l(rtudiv10.o)
    0x000019cc   0x0000002c   Code   RO          126    .text               c_t.l(rtudiv10.o)
    0x000019f8   0x0000000c   Code   RO          128    .text               c_t.l(libspace.o)
    0x00001a04   0x00000004   Ven    RO          149    .text               c_t.l(rt_ctype_table.o)
    0x00001a08   0x00000018   Code   RO          149    .text               c_t.l(rt_ctype_table.o)
    0x00001a20   0x000000aa   Code   RO          157    .text               c_t.l(_strtoul.o)
    0x00001aca   0x00000002   PAD
    0x00001acc   0x00000064   Code   RO          159    .text               c_t.l(rt_memcpy_w.o)
    0x00001b30   0x00000060   Code   RO          161    .text               c_t.l(sys_stackheap_outer.o)
    0x00001b90   0x00000004   Ven    RO          166    .text               c_t.l(rt_locale_intlibspace.o)
    0x00001b94   0x0000000c   Code   RO          166    .text               c_t.l(rt_locale_intlibspace.o)
    0x00001ba0   0x00000022   Code   RO          168    .text               c_t.l(_chval.o)
    0x00001bc2   0x0000000c   Code   RO          173    .text               c_t.l(exit.o)
    0x00001bce   0x00000002   PAD
    0x00001bd0   0x000000a0   Code   RO          184    .text               c_t.l(strcmp.o)
    0x00001c70   0x0000000c   Code   RO          240    .text               c_t.l(rt_fp_status_addr_intlibspace.o)
    0x00001c7c   0x00000008   Ven    RO          244    .text               c_t.l(sys_exit.o)
    0x00001c84   0x0000000c   Code   RO          244    .text               c_t.l(sys_exit.o)
    0x00001c90   0x00000004   Code   RO          255    .text               c_t.l(use_no_semi.o)
    0x00001c94   0x00000000   Code   RO          257    .text               c_t.l(indicate_semi.o)
    0x00001c94   0x00000002   Code   RO           57    i.__ARM_common_call_via_r1  c_t.l(__printf.o)
    0x00001c96   0x00000002   Code   RO           55    i.__ARM_common_call_via_r2  c_t.l(__printf.o)
    0x00001c98   0x00000004   Ven    RO          171    locale$$code        c_t.l(lc_ctype_c.o)
    0x00001c9c   0x00000050   Code   RO          171    locale$$code        c_t.l(lc_ctype_c.o)
    0x00001cec   0x00000004   Ven    RO          227    x$fpl$fpinit        fz_ts.l(fpinit.o)
    0x00001cf0   0x00000018   Code   RO          227    x$fpl$fpinit        fz_ts.l(fpinit.o)
    0x00001d08   0x00000020   Data   RO          309    Region$$Table       anon$$obj.o
    0x00001d28   0x00000110   Data   RO          170    locale$$data        c_t.l(lc_ctype_c.o)


    Execution Region ER_RW (Base: 0x40000000, Size: 0x00000014, Max: 0xffffffff, ABSOLUTE)

    Base Addr    Size         Type   Attr      Idx    E Section Name        Object

    0x40000000   0x00000011   Data   RW           13    .data               advance.o


    Execution Region ER_ZI (Base: 0x40000014, Size: 0x000005d4, Max: 0xffffffff, ABSOLUTE)

    Base Addr    Size         Type   Attr      Idx    E Section Name        Object

    0x40000014   0x000000ea   Zero   RW           12    .bss                advance.o
    0x400000fe   0x00000002   PAD
    0x40000100   0x00000060   Zero   RW          129    .bss                c_t.l(libspace.o)
    0x40000160   0x00000000   Zero   RW            2    HEAP                startup.o
    0x40000160   0x00000488   Zero   RW            1    STACK               startup.o


==============================================================================

Image component sizes


      Code (inc. data)   RO Data    RW Data    ZI Data      Debug   Object Name

      4404        264          0         17        234      10564   advance.o
        32         12          0          0       1160        188   startup.o

    ----------------------------------------------------------------------
      4436        276         32         20       1396      10752   Object Totals
         0          0         32          0          0          0   (incl. Generated)
         0          0          0          3          2          0   (incl. Padding)

    ----------------------------------------------------------------------

      Code (inc. data)   RO Data    RW Data    ZI Data      Debug   Library Member Name

         8          0          0          0          0         68   __main.o
       124          0          0          0          0        208   __printf.o
        60          8          0          0          0          0   __scatter.o
        40          0          0          0          0          0   __scatter_copy.o
        44          0          0          0          0          0   __scatter_zi.o
        34          0          0          0          0         60   _chval.o
        58          0          0          0          0        112   _printf_char.o
        48          4          0          0          0         96   _printf_char_common.o
         8          0          0          0          0          0   _printf_d.o
       120         18          0          0          0         88   _printf_dec.o
       182          0          0          0          0         96   _printf_intcommon.o
         4          0          0          0          0          0   _printf_percent.o
         8          0          0          0          0          0   _printf_percent_end.o
         8          0          0          0          0          0   _printf_s.o
        88          0          0          0          0         84   _printf_str.o
        10          0          0          0          0         60   _sputc.o
       170          0          0          0          0        100   _strtoul.o
        38          0          0          0          0         84   atoi.o
        12          0          0          0          0         64   exit.o
         6          0          0          0          0        136   heapauxi.o
         0          0          0          0          0          0   indicate_semi.o
        84          8        272          0          0         92   lc_ctype_c.o
        14          0          0          0          0          0   libinit.o
        30          0          0          0          0          0   libinit2.o
        12          0          0          0          0          0   libshutdown.o
         6          0          0          0          0          0   libshutdown2.o
        12          4          0          0         96         68   libspace.o
        48          4          0          0          0         84   noretval__2sprintf.o
        28          4          0          0          0         84   rt_ctype_table.o
        16          4          0          0          0         68   rt_errno_addr_intlibspace.o
        12          4          0          0          0         68   rt_fp_status_addr_intlibspace.o
        16          4          0          0          0         68   rt_locale_intlibspace.o
        64          0          0          0          0         68   rt_memclr.o
        84          0          0          0          0         80   rt_memclr_w.o
       212          0          0          0          0         68   rt_memcpy.o
       100          0          0          0          0         80   rt_memcpy_w.o
       212          0          0          0          0         68   rt_memmove.o
       128          0          0          0          0         80   rt_memmove_w.o
         0          0          0          0          0          0   rtentry.o
        44          4          0          0          0          0   rtentry2.o
         8          0          0          0          0          0   rtentry4.o
         8          0          0          0          0          0   rtexit.o
        12          0          0          0          0          0   rtexit2.o
        48          0          0          0          0         68   rtudiv10.o
       160          4          0          0          0         80   strcmp.o
        76          4          0          0          0         76   strlen.o
       160          6          0          0          0         84   strncmp.o
        50          0          0          0          0         72   strstr.o
       116          4          0          0          0         92   strtol.o
        20          4          0          0          0         60   sys_exit.o
        96          0          0          0          0         80   sys_stackheap_outer.o
         4          0          0          0          0         68   use_no_semi.o
        28          0          0          0          0         80   fpinit.o

    ----------------------------------------------------------------------
      2996         88        272          0         96       2992   Library Totals
        18          0          0          0          0          0   (incl. Padding)

    ----------------------------------------------------------------------

      Code (inc. data)   RO Data    RW Data    ZI Data      Debug   Library Name

      2950         88        272          0         96       2912   c_t.l
        28          0          0          0          0         80   fz_ts.l

    ----------------------------------------------------------------------
      2996         88        272          0         96       2992   Library Totals

    ----------------------------------------------------------------------

==============================================================================


      Code (inc. data)   RO Data    RW Data    ZI Data      Debug   

      7432        364        304         20       1492      12024   Grand Totals
      7432        364        304         20       1492      12024   ELF Image Totals
      7432        364        304         20          0          0   ROM Totals

==============================================================================

    Total RO  Size (Code + RO Data)                 7736 (   7.55kB)
    Total RW  Size (RW Data + ZI Data)              1512 (   1.48kB)
    Total ROM Size (Code + RO Data + RW Data)       7756 (   7.57kB)

==============================================================================

